// Jest Snapshot v1, https://goo.gl/fbAQLP

exports[`shallow <ChangePasswordForm /> components render empty: ChangePasswordForm 1`] = `
<form
  className=""
  onSubmit={[Function]}
>
  <div
    className="form-group"
  >
    <label
      className="form-label"
    >
      password.current
    </label>
    <input
      className="form-control"
      onChange={[Function]}
      type="password"
      value=""
    />
  </div>
  <div
    className="form-group"
  >
    <label
      className="form-label"
    >
      password.new
    </label>
    <input
      className="form-control"
      onChange={[Function]}
      type="password"
      value=""
    />
  </div>
  <button
    className="btn btn-primary"
    disabled={false}
    type="submit"
  >
    password.change
  </button>
</form>
`;
