// Jest Snapshot v1, https://goo.gl/fbAQLP

exports[`shallow <ChangePasswordForm /> components render empty: ChangePasswordForm 1`] = `
<form
  class=""
>
  <div
    class="form-group"
  >
    <label
      class="form-label"
    >
      <span>
        Current password
      </span>
    </label>
    <input
      class="form-control"
      type="password"
      value=""
    />
  </div>
  <div
    class="form-group"
  >
    <label
      class="form-label"
    >
      <span>
        New password
      </span>
    </label>
    <input
      class="form-control"
      type="password"
      value=""
    />
  </div>
  <button
    class="btn btn-primary"
    type="submit"
  >
    <span>
      Change
    </span>
  </button>
</form>
`;
