// Jest Snapshot v1, https://goo.gl/fbAQLP

exports[`shallow <Congratulation /> components render 1`] = `
<Modal
  animation={true}
  aria-labelledby="contained-modal-title-lg"
  autoFocus={true}
  backdrop={true}
  dialogAs={
    Object {
      "$$typeof": Symbol(react.forward_ref),
      "displayName": "ModalDialog",
      "render": [Function],
    }
  }
  enforceFocus={true}
  keyboard={true}
  onHide={[Function]}
  restoreFocus={true}
  show={true}
>
  <ModalHeader
    closeButton={true}
    closeLabel="Close"
  >
    <ModalTitle
      id="contained-modal-title-lg"
    >
      <FormattedMessage
        id="congratulations"
      />
    </ModalTitle>
  </ModalHeader>
  <ModalBody>
    Congratulations! Your result is: [object Object].
  </ModalBody>
  <ModalFooter>
    <div
      className="pull-right"
    >
      <a
        className="btn btn-social-icon btn-vk"
        href="https://vk.com/share.php?url=url&title=Congratulations! Your result is: [object Object]."
        rel="noopener noreferrer"
        target="_blank"
      >
        <i
          className="fab fa-vk"
        />
      </a>
      <a
        className="btn btn-social-icon btn-facebook"
        href="#"
        onClick={[Function]}
        rel="noopener noreferrer"
        target="_blank"
      >
        <i
          className="fab fa-facebook"
        />
      </a>
      <a
        className="btn btn-social-icon btn-twitter"
        href="https://twitter.com/intent/tweet?text=Congratulations! Your result is: [object Object].&url=url&hashtags=geopuzzle"
        rel="noopener noreferrer"
        target="_blank"
      >
        <i
          className="fab fa-twitter"
        />
      </a>
    </div>
  </ModalFooter>
</Modal>
`;
