// Jest Snapshot v1, https://goo.gl/fbAQLP

exports[`shallow <Congratulation /> components render 1`] = `
ShallowWrapper {
  Symbol(enzyme.__root__): [Circular],
  Symbol(enzyme.__unrendered__): <Congratulation
    result="result"
    url="url"
  />,
  Symbol(enzyme.__renderer__): Object {
    "batchedUpdates": [Function],
    "checkPropTypes": [Function],
    "getNode": [Function],
    "render": [Function],
    "simulateError": [Function],
    "simulateEvent": [Function],
    "unmount": [Function],
  },
  Symbol(enzyme.__node__): Object {
    "instance": null,
    "key": undefined,
    "nodeType": "function",
    "props": Object {
      "aria-labelledby": "contained-modal-title-lg",
      "children": Array [
        <ForwardRef(Bootstrap(ModalHeader))
          closeButton={true}
        >
          <ForwardRef(Bootstrap(ModalTitle))
            id="contained-modal-title-lg"
          >
            <FormattedMessage
              id="congratulations"
              values={Object {}}
            />
          </ForwardRef(Bootstrap(ModalTitle))>
        </ForwardRef(Bootstrap(ModalHeader))>,
        <ForwardRef(Bootstrap(ModalBody))>
          textresult.
        </ForwardRef(Bootstrap(ModalBody))>,
        <ForwardRef(Bootstrap(ModalFooter))>
          <div
            className="pull-right"
          >
            <a
              className="btn btn-social-icon btn-vk"
              href="https://vk.com/share.php?url=url&title=textresult."
              target="_blank"
            >
              <i
                className="fab fa-vk"
              />
            </a>
            <a
              className="btn btn-social-icon btn-facebook"
              href="#"
              onClick={[Function]}
              target="_blank"
            >
              <i
                className="fab fa-facebook"
              />
            </a>
            <a
              className="btn btn-social-icon btn-twitter"
              href="https://twitter.com/intent/tweet?text=textresult.&url=url&hashtags=geopuzzle"
              target="_blank"
            >
              <i
                className="fab fa-twitter"
              />
            </a>
          </div>
        </ForwardRef(Bootstrap(ModalFooter))>,
      ],
      "onHide": [Function],
      "show": true,
    },
    "ref": null,
    "rendered": Array [
      Object {
        "instance": null,
        "key": undefined,
        "nodeType": "function",
        "props": Object {
          "children": <ForwardRef(Bootstrap(ModalTitle))
            id="contained-modal-title-lg"
          >
            <FormattedMessage
              id="congratulations"
              values={Object {}}
            />
          </ForwardRef(Bootstrap(ModalTitle))>,
          "closeButton": true,
        },
        "ref": null,
        "rendered": Object {
          "instance": null,
          "key": undefined,
          "nodeType": "function",
          "props": Object {
            "children": <FormattedMessage
              id="congratulations"
              values={Object {}}
            />,
            "id": "contained-modal-title-lg",
          },
          "ref": null,
          "rendered": Object {
            "instance": null,
            "key": undefined,
            "nodeType": "class",
            "props": Object {
              "id": "congratulations",
              "values": Object {},
            },
            "ref": null,
            "rendered": null,
            "type": [Function],
          },
          "type": Object {
            "$$typeof": Symbol(react.forward_ref),
            "defaultProps": undefined,
            "propTypes": undefined,
            "render": [Function],
          },
        },
        "type": Object {
          "$$typeof": Symbol(react.forward_ref),
          "defaultProps": undefined,
          "propTypes": undefined,
          "render": [Function],
        },
      },
      Object {
        "instance": null,
        "key": undefined,
        "nodeType": "function",
        "props": Object {
          "children": "textresult.",
        },
        "ref": null,
        "rendered": "textresult.",
        "type": Object {
          "$$typeof": Symbol(react.forward_ref),
          "defaultProps": undefined,
          "propTypes": undefined,
          "render": [Function],
        },
      },
      Object {
        "instance": null,
        "key": undefined,
        "nodeType": "function",
        "props": Object {
          "children": <div
            className="pull-right"
          >
            <a
              className="btn btn-social-icon btn-vk"
              href="https://vk.com/share.php?url=url&title=textresult."
              target="_blank"
            >
              <i
                className="fab fa-vk"
              />
            </a>
            <a
              className="btn btn-social-icon btn-facebook"
              href="#"
              onClick={[Function]}
              target="_blank"
            >
              <i
                className="fab fa-facebook"
              />
            </a>
            <a
              className="btn btn-social-icon btn-twitter"
              href="https://twitter.com/intent/tweet?text=textresult.&url=url&hashtags=geopuzzle"
              target="_blank"
            >
              <i
                className="fab fa-twitter"
              />
            </a>
          </div>,
        },
        "ref": null,
        "rendered": Object {
          "instance": null,
          "key": undefined,
          "nodeType": "host",
          "props": Object {
            "children": Array [
              <a
                className="btn btn-social-icon btn-vk"
                href="https://vk.com/share.php?url=url&title=textresult."
                target="_blank"
              >
                <i
                  className="fab fa-vk"
                />
              </a>,
              <a
                className="btn btn-social-icon btn-facebook"
                href="#"
                onClick={[Function]}
                target="_blank"
              >
                <i
                  className="fab fa-facebook"
                />
              </a>,
              <a
                className="btn btn-social-icon btn-twitter"
                href="https://twitter.com/intent/tweet?text=textresult.&url=url&hashtags=geopuzzle"
                target="_blank"
              >
                <i
                  className="fab fa-twitter"
                />
              </a>,
            ],
            "className": "pull-right",
          },
          "ref": null,
          "rendered": Array [
            Object {
              "instance": null,
              "key": undefined,
              "nodeType": "host",
              "props": Object {
                "children": <i
                  className="fab fa-vk"
                />,
                "className": "btn btn-social-icon btn-vk",
                "href": "https://vk.com/share.php?url=url&title=textresult.",
                "target": "_blank",
              },
              "ref": null,
              "rendered": Object {
                "instance": null,
                "key": undefined,
                "nodeType": "host",
                "props": Object {
                  "className": "fab fa-vk",
                },
                "ref": null,
                "rendered": null,
                "type": "i",
              },
              "type": "a",
            },
            Object {
              "instance": null,
              "key": undefined,
              "nodeType": "host",
              "props": Object {
                "children": <i
                  className="fab fa-facebook"
                />,
                "className": "btn btn-social-icon btn-facebook",
                "href": "#",
                "onClick": [Function],
                "target": "_blank",
              },
              "ref": null,
              "rendered": Object {
                "instance": null,
                "key": undefined,
                "nodeType": "host",
                "props": Object {
                  "className": "fab fa-facebook",
                },
                "ref": null,
                "rendered": null,
                "type": "i",
              },
              "type": "a",
            },
            Object {
              "instance": null,
              "key": undefined,
              "nodeType": "host",
              "props": Object {
                "children": <i
                  className="fab fa-twitter"
                />,
                "className": "btn btn-social-icon btn-twitter",
                "href": "https://twitter.com/intent/tweet?text=textresult.&url=url&hashtags=geopuzzle",
                "target": "_blank",
              },
              "ref": null,
              "rendered": Object {
                "instance": null,
                "key": undefined,
                "nodeType": "host",
                "props": Object {
                  "className": "fab fa-twitter",
                },
                "ref": null,
                "rendered": null,
                "type": "i",
              },
              "type": "a",
            },
          ],
          "type": "div",
        },
        "type": Object {
          "$$typeof": Symbol(react.forward_ref),
          "defaultProps": undefined,
          "propTypes": undefined,
          "render": [Function],
        },
      },
    ],
    "type": Object {
      "$$typeof": Symbol(react.forward_ref),
      "BACKDROP_TRANSITION_DURATION": 150,
      "Body": Object {
        "$$typeof": Symbol(react.forward_ref),
        "defaultProps": undefined,
        "propTypes": undefined,
        "render": [Function],
      },
      "Dialog": Object {
        "$$typeof": Symbol(react.forward_ref),
        "defaultProps": undefined,
        "propTypes": undefined,
        "render": [Function],
      },
      "Footer": Object {
        "$$typeof": Symbol(react.forward_ref),
        "defaultProps": undefined,
        "propTypes": undefined,
        "render": [Function],
      },
      "Header": Object {
        "$$typeof": Symbol(react.forward_ref),
        "defaultProps": undefined,
        "propTypes": undefined,
        "render": [Function],
      },
      "TRANSITION_DURATION": 300,
      "Title": Object {
        "$$typeof": Symbol(react.forward_ref),
        "defaultProps": undefined,
        "propTypes": undefined,
        "render": [Function],
      },
      "defaultProps": undefined,
      "propTypes": undefined,
      "render": [Function],
    },
  },
  Symbol(enzyme.__nodes__): Array [
    Object {
      "instance": null,
      "key": undefined,
      "nodeType": "function",
      "props": Object {
        "aria-labelledby": "contained-modal-title-lg",
        "children": Array [
          <ForwardRef(Bootstrap(ModalHeader))
            closeButton={true}
          >
            <ForwardRef(Bootstrap(ModalTitle))
              id="contained-modal-title-lg"
            >
              <FormattedMessage
                id="congratulations"
                values={Object {}}
              />
            </ForwardRef(Bootstrap(ModalTitle))>
          </ForwardRef(Bootstrap(ModalHeader))>,
          <ForwardRef(Bootstrap(ModalBody))>
            textresult.
          </ForwardRef(Bootstrap(ModalBody))>,
          <ForwardRef(Bootstrap(ModalFooter))>
            <div
              className="pull-right"
            >
              <a
                className="btn btn-social-icon btn-vk"
                href="https://vk.com/share.php?url=url&title=textresult."
                target="_blank"
              >
                <i
                  className="fab fa-vk"
                />
              </a>
              <a
                className="btn btn-social-icon btn-facebook"
                href="#"
                onClick={[Function]}
                target="_blank"
              >
                <i
                  className="fab fa-facebook"
                />
              </a>
              <a
                className="btn btn-social-icon btn-twitter"
                href="https://twitter.com/intent/tweet?text=textresult.&url=url&hashtags=geopuzzle"
                target="_blank"
              >
                <i
                  className="fab fa-twitter"
                />
              </a>
            </div>
          </ForwardRef(Bootstrap(ModalFooter))>,
        ],
        "onHide": [Function],
        "show": true,
      },
      "ref": null,
      "rendered": Array [
        Object {
          "instance": null,
          "key": undefined,
          "nodeType": "function",
          "props": Object {
            "children": <ForwardRef(Bootstrap(ModalTitle))
              id="contained-modal-title-lg"
            >
              <FormattedMessage
                id="congratulations"
                values={Object {}}
              />
            </ForwardRef(Bootstrap(ModalTitle))>,
            "closeButton": true,
          },
          "ref": null,
          "rendered": Object {
            "instance": null,
            "key": undefined,
            "nodeType": "function",
            "props": Object {
              "children": <FormattedMessage
                id="congratulations"
                values={Object {}}
              />,
              "id": "contained-modal-title-lg",
            },
            "ref": null,
            "rendered": Object {
              "instance": null,
              "key": undefined,
              "nodeType": "class",
              "props": Object {
                "id": "congratulations",
                "values": Object {},
              },
              "ref": null,
              "rendered": null,
              "type": [Function],
            },
            "type": Object {
              "$$typeof": Symbol(react.forward_ref),
              "defaultProps": undefined,
              "propTypes": undefined,
              "render": [Function],
            },
          },
          "type": Object {
            "$$typeof": Symbol(react.forward_ref),
            "defaultProps": undefined,
            "propTypes": undefined,
            "render": [Function],
          },
        },
        Object {
          "instance": null,
          "key": undefined,
          "nodeType": "function",
          "props": Object {
            "children": "textresult.",
          },
          "ref": null,
          "rendered": "textresult.",
          "type": Object {
            "$$typeof": Symbol(react.forward_ref),
            "defaultProps": undefined,
            "propTypes": undefined,
            "render": [Function],
          },
        },
        Object {
          "instance": null,
          "key": undefined,
          "nodeType": "function",
          "props": Object {
            "children": <div
              className="pull-right"
            >
              <a
                className="btn btn-social-icon btn-vk"
                href="https://vk.com/share.php?url=url&title=textresult."
                target="_blank"
              >
                <i
                  className="fab fa-vk"
                />
              </a>
              <a
                className="btn btn-social-icon btn-facebook"
                href="#"
                onClick={[Function]}
                target="_blank"
              >
                <i
                  className="fab fa-facebook"
                />
              </a>
              <a
                className="btn btn-social-icon btn-twitter"
                href="https://twitter.com/intent/tweet?text=textresult.&url=url&hashtags=geopuzzle"
                target="_blank"
              >
                <i
                  className="fab fa-twitter"
                />
              </a>
            </div>,
          },
          "ref": null,
          "rendered": Object {
            "instance": null,
            "key": undefined,
            "nodeType": "host",
            "props": Object {
              "children": Array [
                <a
                  className="btn btn-social-icon btn-vk"
                  href="https://vk.com/share.php?url=url&title=textresult."
                  target="_blank"
                >
                  <i
                    className="fab fa-vk"
                  />
                </a>,
                <a
                  className="btn btn-social-icon btn-facebook"
                  href="#"
                  onClick={[Function]}
                  target="_blank"
                >
                  <i
                    className="fab fa-facebook"
                  />
                </a>,
                <a
                  className="btn btn-social-icon btn-twitter"
                  href="https://twitter.com/intent/tweet?text=textresult.&url=url&hashtags=geopuzzle"
                  target="_blank"
                >
                  <i
                    className="fab fa-twitter"
                  />
                </a>,
              ],
              "className": "pull-right",
            },
            "ref": null,
            "rendered": Array [
              Object {
                "instance": null,
                "key": undefined,
                "nodeType": "host",
                "props": Object {
                  "children": <i
                    className="fab fa-vk"
                  />,
                  "className": "btn btn-social-icon btn-vk",
                  "href": "https://vk.com/share.php?url=url&title=textresult.",
                  "target": "_blank",
                },
                "ref": null,
                "rendered": Object {
                  "instance": null,
                  "key": undefined,
                  "nodeType": "host",
                  "props": Object {
                    "className": "fab fa-vk",
                  },
                  "ref": null,
                  "rendered": null,
                  "type": "i",
                },
                "type": "a",
              },
              Object {
                "instance": null,
                "key": undefined,
                "nodeType": "host",
                "props": Object {
                  "children": <i
                    className="fab fa-facebook"
                  />,
                  "className": "btn btn-social-icon btn-facebook",
                  "href": "#",
                  "onClick": [Function],
                  "target": "_blank",
                },
                "ref": null,
                "rendered": Object {
                  "instance": null,
                  "key": undefined,
                  "nodeType": "host",
                  "props": Object {
                    "className": "fab fa-facebook",
                  },
                  "ref": null,
                  "rendered": null,
                  "type": "i",
                },
                "type": "a",
              },
              Object {
                "instance": null,
                "key": undefined,
                "nodeType": "host",
                "props": Object {
                  "children": <i
                    className="fab fa-twitter"
                  />,
                  "className": "btn btn-social-icon btn-twitter",
                  "href": "https://twitter.com/intent/tweet?text=textresult.&url=url&hashtags=geopuzzle",
                  "target": "_blank",
                },
                "ref": null,
                "rendered": Object {
                  "instance": null,
                  "key": undefined,
                  "nodeType": "host",
                  "props": Object {
                    "className": "fab fa-twitter",
                  },
                  "ref": null,
                  "rendered": null,
                  "type": "i",
                },
                "type": "a",
              },
            ],
            "type": "div",
          },
          "type": Object {
            "$$typeof": Symbol(react.forward_ref),
            "defaultProps": undefined,
            "propTypes": undefined,
            "render": [Function],
          },
        },
      ],
      "type": Object {
        "$$typeof": Symbol(react.forward_ref),
        "BACKDROP_TRANSITION_DURATION": 150,
        "Body": Object {
          "$$typeof": Symbol(react.forward_ref),
          "defaultProps": undefined,
          "propTypes": undefined,
          "render": [Function],
        },
        "Dialog": Object {
          "$$typeof": Symbol(react.forward_ref),
          "defaultProps": undefined,
          "propTypes": undefined,
          "render": [Function],
        },
        "Footer": Object {
          "$$typeof": Symbol(react.forward_ref),
          "defaultProps": undefined,
          "propTypes": undefined,
          "render": [Function],
        },
        "Header": Object {
          "$$typeof": Symbol(react.forward_ref),
          "defaultProps": undefined,
          "propTypes": undefined,
          "render": [Function],
        },
        "TRANSITION_DURATION": 300,
        "Title": Object {
          "$$typeof": Symbol(react.forward_ref),
          "defaultProps": undefined,
          "propTypes": undefined,
          "render": [Function],
        },
        "defaultProps": undefined,
        "propTypes": undefined,
        "render": [Function],
      },
    },
  ],
  Symbol(enzyme.__options__): Object {
    "adapter": ReactSixteenAdapter {
      "options": Object {
        "enableComponentDidUpdateOnSetState": true,
        "legacyContextMode": "parent",
        "lifecycles": Object {
          "componentDidUpdate": Object {
            "onSetState": true,
          },
          "getChildContext": Object {
            "calledByRenderer": false,
          },
          "getDerivedStateFromProps": true,
          "getSnapshotBeforeUpdate": true,
          "setState": Object {
            "skipsComponentDidUpdateOnNullish": true,
          },
        },
      },
    },
  },
  Symbol(enzyme.__childContext__): null,
}
`;
