// Jest Snapshot v1, https://goo.gl/fbAQLP

exports[`shallow <Congratulation /> components render 1`] = `
<Bootstrap(Modal)
  aria-labelledby="contained-modal-title-lg"
  onHide={[Function]}
  show={true}
>
  <ModalHeader
    closeButton={true}
    closeLabel="Close"
  >
    <ModalTitle
      id="contained-modal-title-lg"
    >
      <FormattedMessage
        id="congratulations"
        values={Object {}}
      />
    </ModalTitle>
  </ModalHeader>
  <ModalBody>
    Congratulations! Your result is: result.
  </ModalBody>
  <ModalFooter>
    <div
      className="pull-right"
    >
      <a
        className="btn btn-social-icon btn-vk"
        href="https://vk.com/share.php?url=url&title=Congratulations! Your result is: result."
        rel="noopener noreferrer"
        target="_blank"
      >
        <i
          className="fab fa-vk"
        />
      </a>
      <a
        className="btn btn-social-icon btn-facebook"
        href="#"
        onClick={[Function]}
        rel="noopener noreferrer"
        target="_blank"
      >
        <i
          className="fab fa-facebook"
        />
      </a>
      <a
        className="btn btn-social-icon btn-twitter"
        href="https://twitter.com/intent/tweet?text=Congratulations! Your result is: result.&url=url&hashtags=geopuzzle"
        rel="noopener noreferrer"
        target="_blank"
      >
        <i
          className="fab fa-twitter"
        />
      </a>
    </div>
  </ModalFooter>
</Bootstrap(Modal)>
`;
