// Jest Snapshot v1, https://goo.gl/fbAQLP

exports[`shallow <Profile /> components render: Profile 1`] = `
<div
  className="row"
>
  <div
    className="profile-pills col-lg-2 col-md-3 col-sm-3"
  >
    <div
      className="flex-column nav nav-pills"
      onKeyDown={[Function]}
      role="tablist"
    >
      <div
        className="nav-item"
      >
        <a
          aria-controls="react-aria60777295-1-tabpane-#main"
          aria-selected={true}
          className="nav-link active"
          data-rr-ui-event-key="#main"
          disabled={false}
          id="react-aria60777295-1-tab-#main"
          onClick={[Function]}
          role="tab"
        >
          profile
        </a>
      </div>
    </div>
  </div>
  <div
    className="col-lg-10 col-md-9 col-sm-9"
  >
    <div
      className="tab-content"
    >
      <div
        aria-labelledby="react-aria60777295-1-tab-#main"
        className="fade tab-pane active show"
        id="react-aria60777295-1-tabpane-#main"
        role="tabpanel"
      >
        <div
          className="my-2 card"
        >
          <div
            className="card-header"
          >
            publicProfile
          </div>
          <div
            className="card-body"
          >
            <form
              className=""
              onSubmit={[Function]}
            >
              <div
                className="form-group"
              >
                <label
                  className="form-label"
                >
                  username
                </label>
                <div
                  className="input-group"
                >
                  <span
                    className="input-group-text"
                  >
                    @
                  </span>
                  <input
                    className="form-control"
                    onChange={[Function]}
                    value="admin"
                  />
                </div>
              </div>
              <div
                className="form-group"
              >
                <label
                  className="form-label"
                >
                  email
                </label>
                <input
                  className="form-control"
                  onChange={[Function]}
                  value="admin@admin.com"
                />
              </div>
              <div
                className="form-group"
              >
                <label
                  className="form-label"
                >
                  language
                </label>
                <select
                  className="form-select"
                  onChange={[Function]}
                  value="en"
                >
                  <option
                    value="en"
                  >
                    English
                  </option>
                  <option
                    value="ru"
                  >
                    Russian
                  </option>
                </select>
              </div>
              <div
                className="form-group"
              >
                <div
                  className="form-check"
                >
                  <input
                    checked={true}
                    className="form-check-input"
                    disabled={false}
                    onChange={[Function]}
                    type="checkbox"
                  />
                  <label
                    className="form-check-label"
                    title=""
                  >
                    subscribe
                  </label>
                </div>
              </div>
              <div
                className="form-group"
              >
                <input
                  accept="image/*"
                  onChange={[Function]}
                  src="https://d2nepmml5nn7q0.cloudfront.net/avatars/e_28d3ad97.jpg"
                  type="file"
                />
                <img
                  className="w-25 d-block"
                  src="https://d2nepmml5nn7q0.cloudfront.net/avatars/e_28d3ad97.jpg"
                />
              </div>
              <button
                className="btn btn-primary"
                disabled={false}
                type="submit"
              >
                submit
              </button>
            </form>
          </div>
        </div>
        <div
          className="my-2 card"
        >
          <div
            className="card-header"
          >
            changePassword
          </div>
          <div
            className="card-body"
          >
            <form
              className=""
              onSubmit={[Function]}
            >
              <div
                className="form-group"
              >
                <label
                  className="form-label"
                >
                  password.current
                </label>
                <input
                  className="form-control"
                  onChange={[Function]}
                  type="password"
                  value=""
                />
              </div>
              <div
                className="form-group"
              >
                <label
                  className="form-label"
                >
                  password.new
                </label>
                <input
                  className="form-control"
                  onChange={[Function]}
                  type="password"
                  value=""
                />
              </div>
              <button
                className="btn btn-primary"
                disabled={false}
                type="submit"
              >
                password.change
              </button>
            </form>
          </div>
        </div>
        <div
          className="my-2 card"
        >
          <div
            className="card-header"
          >
            socialProfile
          </div>
          <div
            className="card-body"
          >
            <div
              className="row"
            >
              <div
                className="p-2 col-sm-4"
              >
                <div
                  className="btn btn-lg btn-facebook btn-block w-100"
                >
                  FB
                </div>
                <a
                  className="text-center d-block"
                  href="/accounts/social/disconnect/facebook/"
                >
                  unlink
                </a>
              </div>
              <div
                className="p-2 col-sm-4"
              >
                <div
                  className="btn btn-lg btn-vk btn-block w-100"
                >
                  VK
                </div>
                <a
                  className="text-center d-block"
                  href="/accounts/social/disconnect/vk-oauth2/"
                >
                  unlink
                </a>
              </div>
              <div
                className="p-2 col-sm-4"
              >
                <a
                  className="btn btn-lg btn-google btn-block w-100"
                  href="/accounts/social/login/google-oauth2/"
                >
                  Google
                </a>
              </div>
            </div>
          </div>
        </div>
      </div>
    </div>
  </div>
</div>
`;
