// Jest Snapshot v1, https://goo.gl/fbAQLP

exports[`shallow <QuizInit /> components render: quizinit 1`] = `
<Modal
  dialogClassName="custom-modal"
  show={true}
>
  <ModalHeader>
    <ModalTitle
      id="contained-modal-title-lg"
    >
      <MemoizedFormattedMessage
        id="quizInitCaption"
      />
    </ModalTitle>
  </ModalHeader>
  <ModalBody>
    <QuizInitForm
      available={
        [
          "name",
          "flag",
          "coat_of_arms",
          "capital",
        ]
      }
      data={
        {
          "capital": true,
          "coat_of_arms": true,
          "flag": true,
          "name": true,
        }
      }
      toggle={[Function]}
    />
  </ModalBody>
  <ModalFooter>
    <Button
      onClick={[Function]}
    >
      <MemoizedFormattedMessage
        id="start"
      />
    </Button>
  </ModalFooter>
</Modal>
`;
