// Jest Snapshot v1, https://goo.gl/fbAQLP

exports[`shallow <QuizInit /> components render: quizinit 1`] = `
<Modal
  animation={true}
  autoFocus={true}
  backdrop={true}
  dialogAs={
    Object {
      "$$typeof": Symbol(react.forward_ref),
      "displayName": "ModalDialog",
      "render": [Function],
    }
  }
  dialogClassName="custom-modal"
  enforceFocus={true}
  keyboard={true}
  restoreFocus={true}
  show={true}
>
  <ModalHeader
    closeButton={false}
    closeLabel="Close"
  >
    <ModalTitle
      id="contained-modal-title-lg"
    >
      <FormattedMessage
        id="quizInitCaption"
        values={Object {}}
      />
    </ModalTitle>
  </ModalHeader>
  <ModalBody>
    <QuizInitForm
      available={
        Array [
          "name",
          "flag",
          "coat_of_arms",
          "capital",
        ]
      }
      data={
        Object {
          "capital": true,
          "coat_of_arms": true,
          "flag": true,
          "name": true,
        }
      }
      toggle={[Function]}
    />
  </ModalBody>
  <ModalFooter>
    <Button
      active={false}
      disabled={false}
      onClick={[Function]}
      variant="primary"
    >
      <FormattedMessage
        id="start"
        values={Object {}}
      />
    </Button>
  </ModalFooter>
</Modal>
`;
