// Jest Snapshot v1, https://goo.gl/fbAQLP

exports[`shallow <QuizInit /> components render: quizinit 1`] = `
<Bootstrap(Modal)
  dialogClassName="custom-modal"
  show={true}
>
  <ModalHeader
    closeButton={false}
    closeLabel="Close"
  >
    <ModalTitle
      id="contained-modal-title-lg"
    >
      <FormattedMessage
        id="quizInitCaption"
        values={Object {}}
      />
    </ModalTitle>
  </ModalHeader>
  <ModalBody>
    <FormGroup
      className="checkbox-group"
      controlId="quiz"
    >
      <FormCheck
        defaultChecked={true}
        disabled={false}
        inline={true}
        isInvalid={false}
        isValid={false}
        label={
          <FormattedMessage
            id="title"
            values={Object {}}
          />
        }
        onClick={[Function]}
        title=""
        type="checkbox"
      />
      <FormCheck
        defaultChecked={true}
        disabled={false}
        inline={true}
        isInvalid={false}
        isValid={false}
        label={
          <FormattedMessage
            id="flag"
            values={Object {}}
          />
        }
        onClick={[Function]}
        title=""
        type="checkbox"
      />
      <FormCheck
        defaultChecked={true}
        disabled={false}
        inline={true}
        isInvalid={false}
        isValid={false}
        label={
          <FormattedMessage
            id="coat_of_arms"
            values={Object {}}
          />
        }
        onClick={[Function]}
        title=""
        type="checkbox"
      />
      <FormCheck
        defaultChecked={true}
        disabled={false}
        inline={true}
        isInvalid={false}
        isValid={false}
        label={
          <FormattedMessage
            id="capital"
            values={Object {}}
          />
        }
        onClick={[Function]}
        title=""
        type="checkbox"
      />
    </FormGroup>
  </ModalBody>
  <ModalFooter>
    <Button
      active={false}
      disabled={false}
      onClick={[Function]}
      type="button"
      variant="primary"
    >
      <FormattedMessage
        id="start"
        values={Object {}}
      />
    </Button>
  </ModalFooter>
</Bootstrap(Modal)>
`;
